// Jest Snapshot v1, https://goo.gl/fbAQLP

exports[`Game should render the component in default state 1`] = `
<Router
  location={
    Object {
      "hash": "",
      "key": "default",
      "pathname": "/",
      "search": "",
      "state": null,
    }
  }
  navigationType="POP"
  navigator={
    Object {
      "action": "POP",
      "back": [Function],
      "block": [Function],
      "createHref": [Function],
      "forward": [Function],
      "go": [Function],
      "listen": [Function],
      "location": Object {
        "hash": "",
        "key": "default",
        "pathname": "/",
        "search": "",
        "state": null,
      },
      "push": [Function],
      "replace": [Function],
    }
  }
>
  <Provider
    store={
      Object {
        "@@observable": [Function],
        "dispatch": [Function],
        "getState": [Function],
        "replaceReducer": [Function],
        "subscribe": [Function],
      }
    }
  >
    <Game />
  </Provider>
</Router>
`;

exports[`Game should render the component in loading state 1`] = `
<div
  className="sc-gsnTZi knoPkv"
>
  <div
    className="container"
  >
    <div
      aria-busy={true}
      className="p-progress-spinner"
      id={null}
      role="alert"
      style={
        Object {
          "height": "150px",
          "width": "150px",
        }
      }
    >
      <svg
        className="p-progress-spinner-svg"
        style={
          Object {
            "animationDuration": ".5s",
          }
        }
        viewBox="25 25 50 50"
      >
        <circle
          className="p-progress-spinner-circle"
          cx="50"
          cy="50"
          fill="transparent"
          r="20"
          strokeMiterlimit="10"
          strokeWidth="6"
        />
      </svg>
    </div>
  </div>
</div>
`;
