// Jest Snapshot v1, https://goo.gl/fbAQLP

exports[`Test if lobby renders correctly renders correctly 1`] = `
<div
  className="sc-bczRLJ zPssV"
>
  <div
    className="container"
  >
    <div
      className="header"
    >
      <h1
        className="header__title"
      >
        Lobby
      </h1>
      <p
        className="header__brief"
      >
        We are waiting for your friend, please share the following code: 
        <b
          className="u-emphasis"
        >
          <code
            data-testid="code-section"
          >
            TESTCODE
          </code>
        </b>
      </p>
      <p
        className="brief"
      >
        you would be redirected as soon as your friend joins
      </p>
    </div>
    <div
      className="content"
    >
      <div
        aria-busy={true}
        className="p-progress-spinner"
        id={null}
        role="alert"
        style={
          Object {
            "height": "150px",
            "width": "150px",
          }
        }
      >
        <svg
          className="p-progress-spinner-svg"
          style={
            Object {
              "animationDuration": ".5s",
            }
          }
          viewBox="25 25 50 50"
        >
          <circle
            className="p-progress-spinner-circle"
            cx="50"
            cy="50"
            fill="transparent"
            r="20"
            strokeMiterlimit="10"
            strokeWidth="6"
          />
        </svg>
      </div>
    </div>
  </div>
</div>
`;
