// Jest Snapshot v1, https://goo.gl/fbAQLP

exports[`Join Game Renders Correctly 1`] = `
<div
  className="sc-bczRLJ gYNNWg"
>
  <h1
    className="heading"
  >
    Join Game
  </h1>
  <form
    className="form"
    onSubmit={[Function]}
  >
    <div
      className="p-inputgroup input-field"
    >
      <span
        className="p-inputgroup-addon"
      >
        <i
          className="pi pi-user"
        />
      </span>
      <input
        autoFocus={true}
        className="p-inputtext p-component"
        id="name"
        name="name"
        onChange={[Function]}
        onInput={[Function]}
        onKeyPress={[Function]}
        onPaste={[Function]}
        placeholder="Username"
        value=""
      />
    </div>
    <input
      autoFocus={true}
      className="p-inputtext p-component input-field"
      id="gameId"
      name="gameId"
      onChange={[Function]}
      onInput={[Function]}
      onKeyPress={[Function]}
      onPaste={[Function]}
      placeholder="Input Game Code"
      value=""
    />
    <button
      aria-label="Join Game"
      className="p-button p-component p-button-success"
      disabled={false}
    >
      <span
        className="p-button-label p-c"
      >
        Join Game
      </span>
    </button>
    <p>
      or
    </p>
    <a
      className="link"
      href="/create"
      onClick={[Function]}
    >
      Create New game
    </a>
  </form>
</div>
`;
