// Jest Snapshot v1, https://goo.gl/fbAQLP

exports[`Create Game Renders Correctly 1`] = `
<div
  className="sc-bczRLJ cunqcc"
>
  <h1
    className="heading"
  >
    Create Game
  </h1>
  <form
    className="form"
    onSubmit={[Function]}
  >
    <div
      className="p-inputgroup"
    >
      <span
        className="p-inputgroup-addon"
      >
        <i
          className="pi pi-user"
        />
      </span>
      <input
        autoFocus={true}
        className="p-inputtext p-component"
        id="name"
        name="name"
        onChange={[Function]}
        onInput={[Function]}
        onKeyPress={[Function]}
        onPaste={[Function]}
        placeholder="Username"
        value=""
      />
    </div>
    input
    <button
      aria-label="Create Game"
      className="p-button p-component p-button-success"
      disabled={false}
    >
      <span
        className="p-button-label p-c"
      >
        Create Game
      </span>
    </button>
    <p>
      or
    </p>
    <a
      className="link"
      href="/join"
      onClick={[Function]}
    >
      Join Existing game
    </a>
  </form>
</div>
`;
